[2026-07-16T17:55:49.771223] SKIP: Could not parse date for 'ก.ค. 69 โครงการวิศวกรสังคมคณะวิทยาศาสตร์และเทคโนโลยี' - Value: 'มิ.ย.'
[2026-07-16T17:55:49.771235] SKIP: Could not parse date for 'ก.ค. 69 สอบทักษะดิจิทัล' - Value: 'มิ.ย.'
[2026-07-16T17:55:49.771239] SKIP: Could not parse date for 'ก.ค. 69 พัฒนาทักษะภาษาอังกฤษตามกรอบ CEFR อบรมและสอบวัดระดับความรู้' - Value: 'มิ.ย.'
[2026-07-16T17:55:49.771242] SUCCESS: Opened 'บริจาคโลหิต' (Event Date: 2026-07-01, Today: 2026-07-16)
[2026-07-16T17:55:49.771245] SUCCESS: Opened 'สัมมนาแลกเปลี่ยนเรียนรู้สําหรับอาจารย์ผู้สอนนักศึกษาพิการ' (Event Date: 2026-07-01, Today: 2026-07-16)
[2026-07-16T17:55:49.771247] SUCCESS: Opened 'ฝึกซ้อมพิธีไหว้ครู ระดับมหาวิทยาลัย' (Event Date: 2026-07-08, Today: 2026-07-16)
[2026-07-16T17:55:49.771250] SUCCESS: Opened 'พิธีไหว้ครู ระดับมหาวิทยาลัย' (Event Date: 2026-07-09, Today: 2026-07-16)
[2026-07-16T17:55:49.771252] SUCCESS: Opened 'บายศรี รับขวัญน้องใหม่ ระดับมหาวิทยาลัย' (Event Date: 2026-07-09, Today: 2026-07-16)
[2026-07-16T17:55:49.771254] SUCCESS: Opened 'พิธีไหว้ครู คณะวิทยาศาสตร์และเทคโนโลยี (คาดการณ์เป้นช่วงเช้า)' (Event Date: 2026-07-16, Today: 2026-07-16)
[2026-07-16T17:55:49.771257] SUCCESS: Opened 'โครงการกีฬาสานสัมพันธ์นักศึกษาหอพัก มหาวิทยาลัยราชภัฏสกลนคร เบญจมิตรเกมส์ ครั้งที่ 4' (Event Date: 2026-07-13, Today: 2026-07-16)
[2026-07-16T17:56:21.239547] SKIP: Could not parse date for 'ก.ค. 69 โครงการวิศวกรสังคมคณะวิทยาศาสตร์และเทคโนโลยี' - Value: 'มิ.ย.'
[2026-07-16T17:56:21.239557] SKIP: Could not parse date for 'ก.ค. 69 สอบทักษะดิจิทัล' - Value: 'มิ.ย.'
[2026-07-16T17:56:21.239560] SKIP: Could not parse date for 'ก.ค. 69 พัฒนาทักษะภาษาอังกฤษตามกรอบ CEFR อบรมและสอบวัดระดับความรู้' - Value: 'มิ.ย.'
[2026-07-16T17:56:31.074987] SKIP: Could not parse date for 'ก.ค. 69 โครงการวิศวกรสังคมคณะวิทยาศาสตร์และเทคโนโลยี' - Value: 'มิ.ย.'
[2026-07-16T17:56:31.075037] SKIP: Could not parse date for 'ก.ค. 69 สอบทักษะดิจิทัล' - Value: 'มิ.ย.'
[2026-07-16T17:56:31.075043] SKIP: Could not parse date for 'ก.ค. 69 พัฒนาทักษะภาษาอังกฤษตามกรอบ CEFR อบรมและสอบวัดระดับความรู้' - Value: 'มิ.ย.'
[2026-07-16T17:57:16.744675] SKIP: Could not parse date for 'ก.ค. 69 โครงการวิศวกรสังคมคณะวิทยาศาสตร์และเทคโนโลยี' - Value: 'มิ.ย.'
[2026-07-16T17:57:16.744685] SKIP: Could not parse date for 'ก.ค. 69 สอบทักษะดิจิทัล' - Value: 'มิ.ย.'
[2026-07-16T17:57:16.744688] SKIP: Could not parse date for 'ก.ค. 69 พัฒนาทักษะภาษาอังกฤษตามกรอบ CEFR อบรมและสอบวัดระดับความรู้' - Value: 'มิ.ย.'
[2026-07-16T17:57:34.393351] SKIP: Could not parse date for 'ก.ค. 69 โครงการวิศวกรสังคมคณะวิทยาศาสตร์และเทคโนโลยี' - Value: 'มิ.ย.'
[2026-07-16T17:57:34.393361] SKIP: Could not parse date for 'ก.ค. 69 สอบทักษะดิจิทัล' - Value: 'มิ.ย.'
[2026-07-16T17:57:34.393363] SKIP: Could not parse date for 'ก.ค. 69 พัฒนาทักษะภาษาอังกฤษตามกรอบ CEFR อบรมและสอบวัดระดับความรู้' - Value: 'มิ.ย.'
[2026-07-16T18:01:07.103590] SKIP: Could not parse date for 'ก.ค. 69 โครงการวิศวกรสังคมคณะวิทยาศาสตร์และเทคโนโลยี' - Value: 'มิ.ย.'
[2026-07-16T18:01:07.103600] SKIP: Could not parse date for 'ก.ค. 69 สอบทักษะดิจิทัล' - Value: 'มิ.ย.'
[2026-07-16T18:01:07.103603] SKIP: Could not parse date for 'ก.ค. 69 พัฒนาทักษะภาษาอังกฤษตามกรอบ CEFR อบรมและสอบวัดระดับความรู้' - Value: 'มิ.ย.'
[2026-07-16T18:01:08.452288] SKIP: Could not parse date for 'ก.ค. 69 โครงการวิศวกรสังคมคณะวิทยาศาสตร์และเทคโนโลยี' - Value: 'มิ.ย.'
[2026-07-16T18:01:08.452298] SKIP: Could not parse date for 'ก.ค. 69 สอบทักษะดิจิทัล' - Value: 'มิ.ย.'
[2026-07-16T18:01:08.452302] SKIP: Could not parse date for 'ก.ค. 69 พัฒนาทักษะภาษาอังกฤษตามกรอบ CEFR อบรมและสอบวัดระดับความรู้' - Value: 'มิ.ย.'
[2026-07-16T18:01:08.452305] SUCCESS: Opened 'มิ.ย. 69 อบรมพัฒนาทักษะในศตวรรษที่ 21 นักศึกษาคณะวิทยาศาสตร์และเทคโนโลยี' (Event Date: 2026-06-19, Today: 2026-07-16)
[2026-07-16T18:01:08.452307] SUCCESS: Opened 'กิจกรรมสานสัมพันธ์น้องพี่ สาขาวิชาคอมพิวเตอร์ ปีการศึกษา 2569' (Event Date: 2026-06-13, Today: 2026-07-16)
[2026-07-16T18:01:08.452310] SUCCESS: Opened 'กิจกรรมสานสัมพันธ์น้องพี่ สาขาวิชาคอมพิวเตอร์ ปีการศึกษา 2569' (Event Date: 2026-06-13, Today: 2026-07-16)
[2026-08-13T15:26:52.821145] SKIP: Could not parse date for 'ก.ค. 69 โครงการวิศวกรสังคมคณะวิทยาศาสตร์และเทคโนโลยี' - Value: 'มิ.ย.'
[2026-08-13T15:26:52.821152] SKIP: Could not parse date for 'ก.ค. 69 สอบทักษะดิจิทัล' - Value: 'มิ.ย.'
[2026-08-13T15:26:52.821154] SKIP: Could not parse date for 'ก.ค. 69 พัฒนาทักษะภาษาอังกฤษตามกรอบ CEFR อบรมและสอบวัดระดับความรู้' - Value: 'มิ.ย.'
[2026-08-13T15:26:52.821156] SUCCESS: Opened 'วันครบรอบการก่อตั้งมหาวิทยาลัยราชภัฏสกลนคร' (Event Date: 2026-07-17, Today: 2026-08-13)
[2026-08-13T15:26:52.821158] SUCCESS: Opened 'สอบกลางภาค 1/2569' (Event Date: 2026-07-27, Today: 2026-08-13)
[2026-08-13T15:26:52.821159] SUCCESS: Opened 'ถวายเทียนพรรษา คณะวิทยาศาสตร์และเทคโนโลยี' (Event Date: 2026-07-30, Today: 2026-08-13)
[2026-08-13T15:26:52.821161] SUCCESS: Opened 'วันเฉลิมพระชนมพรรษาพระบาทสมเด็จพระเจ้าอยู่หัวฯ รัชกาลที่ 10 (ร่วมงานกับจังหวัด)' (Event Date: 2026-07-28, Today: 2026-08-13)
[2026-08-13T15:26:52.821164] SUCCESS: Opened 'โครงการเปิดโลกกิจกรรม สมัครสมาชิกชมรม' (Event Date: 2026-08-05, Today: 2026-08-13)
[2026-08-13T15:26:52.821165] SUCCESS: Opened 'วันแม่แห่งชาติ (ร่วมงานกับจังหวัด)' (Event Date: 2026-08-12, Today: 2026-08-13)
[2026-08-13T15:26:52.821167] SUCCESS: Opened 'กิจกรรมศิษย์เก่าดีเด่นและศิษย์เก่าผู้ทรงคุณค่า ประจำปี 2569' (Event Date: 2026-08-01, Today: 2026-08-13)
[2026-08-13T15:26:52.821168] SUCCESS: Opened 'อบรมภาษามือไทยเพื่อการสื่อสารเบื้องต้นสำหรับบุคลากรที่เกี่ยวข้องและนักศึกษาเพื่อนร่วมชั้น' (Event Date: 2026-08-01, Today: 2026-08-13)
[2026-08-13T15:32:00.205775] SKIP: Could not parse date for 'ก.ค. 69 โครงการวิศวกรสังคมคณะวิทยาศาสตร์และเทคโนโลยี' - Value: 'มิ.ย.'
[2026-08-13T15:32:00.205789] SKIP: Could not parse date for 'ก.ค. 69 สอบทักษะดิจิทัล' - Value: 'มิ.ย.'
[2026-08-13T15:32:00.205793] SKIP: Could not parse date for 'ก.ค. 69 พัฒนาทักษะภาษาอังกฤษตามกรอบ CEFR อบรมและสอบวัดระดับความรู้' - Value: 'มิ.ย.'
[2026-08-13T15:33:02.246186] SKIP: Could not parse date for 'ก.ค. 69 โครงการวิศวกรสังคมคณะวิทยาศาสตร์และเทคโนโลยี' - Value: 'มิ.ย.'
[2026-08-13T15:33:02.246195] SKIP: Could not parse date for 'ก.ค. 69 สอบทักษะดิจิทัล' - Value: 'มิ.ย.'
[2026-08-13T15:33:02.246197] SKIP: Could not parse date for 'ก.ค. 69 พัฒนาทักษะภาษาอังกฤษตามกรอบ CEFR อบรมและสอบวัดระดับความรู้' - Value: 'มิ.ย.'
[2026-08-13T15:33:11.206700] SKIP: Could not parse date for 'ก.ค. 69 โครงการวิศวกรสังคมคณะวิทยาศาสตร์และเทคโนโลยี' - Value: 'มิ.ย.'
[2026-08-13T15:33:11.206709] SKIP: Could not parse date for 'ก.ค. 69 สอบทักษะดิจิทัล' - Value: 'มิ.ย.'
[2026-08-13T15:33:11.206711] SKIP: Could not parse date for 'ก.ค. 69 พัฒนาทักษะภาษาอังกฤษตามกรอบ CEFR อบรมและสอบวัดระดับความรู้' - Value: 'มิ.ย.'
[2026-08-13T15:33:20.000677] SKIP: Could not parse date for 'ก.ค. 69 โครงการวิศวกรสังคมคณะวิทยาศาสตร์และเทคโนโลยี' - Value: 'มิ.ย.'
[2026-08-13T15:33:20.000685] SKIP: Could not parse date for 'ก.ค. 69 สอบทักษะดิจิทัล' - Value: 'มิ.ย.'
[2026-08-13T15:33:20.000688] SKIP: Could not parse date for 'ก.ค. 69 พัฒนาทักษะภาษาอังกฤษตามกรอบ CEFR อบรมและสอบวัดระดับความรู้' - Value: 'มิ.ย.'
[2026-08-13T15:37:24.933001] SKIP: Could not parse date for 'ก.ค. 69 โครงการวิศวกรสังคมคณะวิทยาศาสตร์และเทคโนโลยี' - Value: 'มิ.ย.'
[2026-08-13T15:37:24.933011] SKIP: Could not parse date for 'ก.ค. 69 สอบทักษะดิจิทัล' - Value: 'มิ.ย.'
[2026-08-13T15:37:24.933014] SKIP: Could not parse date for 'ก.ค. 69 พัฒนาทักษะภาษาอังกฤษตามกรอบ CEFR อบรมและสอบวัดระดับความรู้' - Value: 'มิ.ย.'
[2026-08-13T15:37:30.465259] SKIP: Could not parse date for 'ก.ค. 69 โครงการวิศวกรสังคมคณะวิทยาศาสตร์และเทคโนโลยี' - Value: 'มิ.ย.'
[2026-08-13T15:37:30.465268] SKIP: Could not parse date for 'ก.ค. 69 สอบทักษะดิจิทัล' - Value: 'มิ.ย.'
[2026-08-13T15:37:30.465271] SKIP: Could not parse date for 'ก.ค. 69 พัฒนาทักษะภาษาอังกฤษตามกรอบ CEFR อบรมและสอบวัดระดับความรู้' - Value: 'มิ.ย.'
[2026-08-13T15:39:55.398813] SKIP: Could not parse date for 'ก.ค. 69 โครงการวิศวกรสังคมคณะวิทยาศาสตร์และเทคโนโลยี' - Value: 'มิ.ย.'
[2026-08-13T15:39:55.398831] SKIP: Could not parse date for 'ก.ค. 69 สอบทักษะดิจิทัล' - Value: 'มิ.ย.'
[2026-08-13T15:39:55.398835] SKIP: Could not parse date for 'ก.ค. 69 พัฒนาทักษะภาษาอังกฤษตามกรอบ CEFR อบรมและสอบวัดระดับความรู้' - Value: 'มิ.ย.'
[2026-08-13T15:43:35.547635] SKIP: Could not parse date for 'ก.ค. 69 โครงการวิศวกรสังคมคณะวิทยาศาสตร์และเทคโนโลยี' - Value: 'มิ.ย.'
[2026-08-13T15:43:35.547647] SKIP: Could not parse date for 'ก.ค. 69 สอบทักษะดิจิทัล' - Value: 'มิ.ย.'
[2026-08-13T15:43:35.547650] SKIP: Could not parse date for 'ก.ค. 69 พัฒนาทักษะภาษาอังกฤษตามกรอบ CEFR อบรมและสอบวัดระดับความรู้' - Value: 'มิ.ย.'
[2026-08-13T15:46:36.616636] SKIP: Could not parse date for 'ก.ค. 69 โครงการวิศวกรสังคมคณะวิทยาศาสตร์และเทคโนโลยี' - Value: 'มิ.ย.'
[2026-08-13T15:46:36.616647] SKIP: Could not parse date for 'ก.ค. 69 สอบทักษะดิจิทัล' - Value: 'มิ.ย.'
[2026-08-13T15:46:36.616650] SKIP: Could not parse date for 'ก.ค. 69 พัฒนาทักษะภาษาอังกฤษตามกรอบ CEFR อบรมและสอบวัดระดับความรู้' - Value: 'มิ.ย.'
[2026-08-13T15:46:41.844184] SKIP: Could not parse date for 'ก.ค. 69 โครงการวิศวกรสังคมคณะวิทยาศาสตร์และเทคโนโลยี' - Value: 'มิ.ย.'
[2026-08-13T15:46:41.844194] SKIP: Could not parse date for 'ก.ค. 69 สอบทักษะดิจิทัล' - Value: 'มิ.ย.'
[2026-08-13T15:46:41.844196] SKIP: Could not parse date for 'ก.ค. 69 พัฒนาทักษะภาษาอังกฤษตามกรอบ CEFR อบรมและสอบวัดระดับความรู้' - Value: 'มิ.ย.'
[2026-08-13T15:46:46.780128] SKIP: Could not parse date for 'ก.ค. 69 โครงการวิศวกรสังคมคณะวิทยาศาสตร์และเทคโนโลยี' - Value: 'มิ.ย.'
[2026-08-13T15:46:46.780135] SKIP: Could not parse date for 'ก.ค. 69 สอบทักษะดิจิทัล' - Value: 'มิ.ย.'
[2026-08-13T15:46:46.780137] SKIP: Could not parse date for 'ก.ค. 69 พัฒนาทักษะภาษาอังกฤษตามกรอบ CEFR อบรมและสอบวัดระดับความรู้' - Value: 'มิ.ย.'
[2026-08-13T15:49:08.515668] SKIP: Could not parse date for 'ก.ค. 69 โครงการวิศวกรสังคมคณะวิทยาศาสตร์และเทคโนโลยี' - Value: 'มิ.ย.'
[2026-08-13T15:49:08.515678] SKIP: Could not parse date for 'ก.ค. 69 สอบทักษะดิจิทัล' - Value: 'มิ.ย.'
[2026-08-13T15:49:08.515681] SKIP: Could not parse date for 'ก.ค. 69 พัฒนาทักษะภาษาอังกฤษตามกรอบ CEFR อบรมและสอบวัดระดับความรู้' - Value: 'มิ.ย.'
[2026-08-13T15:49:23.428903] SKIP: Could not parse date for 'ก.ค. 69 โครงการวิศวกรสังคมคณะวิทยาศาสตร์และเทคโนโลยี' - Value: 'มิ.ย.'
[2026-08-13T15:49:23.428915] SKIP: Could not parse date for 'ก.ค. 69 สอบทักษะดิจิทัล' - Value: 'มิ.ย.'
[2026-08-13T15:49:23.428918] SKIP: Could not parse date for 'ก.ค. 69 พัฒนาทักษะภาษาอังกฤษตามกรอบ CEFR อบรมและสอบวัดระดับความรู้' - Value: 'มิ.ย.'
[2026-08-13T15:53:40.191649] SKIP: Could not parse date for 'ก.ค. 69 โครงการวิศวกรสังคมคณะวิทยาศาสตร์และเทคโนโลยี' - Value: 'มิ.ย.'
[2026-08-13T15:53:40.191679] SKIP: Could not parse date for 'ก.ค. 69 สอบทักษะดิจิทัล' - Value: 'มิ.ย.'
[2026-08-13T15:53:40.191685] SKIP: Could not parse date for 'ก.ค. 69 พัฒนาทักษะภาษาอังกฤษตามกรอบ CEFR อบรมและสอบวัดระดับความรู้' - Value: 'มิ.ย.'
[2026-08-13T15:53:56.279990] SKIP: Could not parse date for 'ก.ค. 69 โครงการวิศวกรสังคมคณะวิทยาศาสตร์และเทคโนโลยี' - Value: 'มิ.ย.'
[2026-08-13T15:53:56.279998] SKIP: Could not parse date for 'ก.ค. 69 สอบทักษะดิจิทัล' - Value: 'มิ.ย.'
[2026-08-13T15:53:56.280001] SKIP: Could not parse date for 'ก.ค. 69 พัฒนาทักษะภาษาอังกฤษตามกรอบ CEFR อบรมและสอบวัดระดับความรู้' - Value: 'มิ.ย.'
[2026-08-13T15:54:02.158625] SKIP: Could not parse date for 'ก.ค. 69 โครงการวิศวกรสังคมคณะวิทยาศาสตร์และเทคโนโลยี' - Value: 'มิ.ย.'
[2026-08-13T15:54:02.158634] SKIP: Could not parse date for 'ก.ค. 69 สอบทักษะดิจิทัล' - Value: 'มิ.ย.'
[2026-08-13T15:54:02.158636] SKIP: Could not parse date for 'ก.ค. 69 พัฒนาทักษะภาษาอังกฤษตามกรอบ CEFR อบรมและสอบวัดระดับความรู้' - Value: 'มิ.ย.'
[2026-08-13T15:56:05.997181] SKIP: Could not parse date for 'ก.ค. 69 โครงการวิศวกรสังคมคณะวิทยาศาสตร์และเทคโนโลยี' - Value: 'มิ.ย.'
[2026-08-13T15:56:05.997199] SKIP: Could not parse date for 'ก.ค. 69 สอบทักษะดิจิทัล' - Value: 'มิ.ย.'
[2026-08-13T15:56:05.997206] SKIP: Could not parse date for 'ก.ค. 69 พัฒนาทักษะภาษาอังกฤษตามกรอบ CEFR อบรมและสอบวัดระดับความรู้' - Value: 'มิ.ย.'
[2026-08-13T16:25:59.037993] SKIP: Could not parse date for 'ก.ค. 69 โครงการวิศวกรสังคมคณะวิทยาศาสตร์และเทคโนโลยี' - Value: 'มิ.ย.'
[2026-08-13T16:25:59.038004] SKIP: Could not parse date for 'ก.ค. 69 สอบทักษะดิจิทัล' - Value: 'มิ.ย.'
[2026-08-13T16:25:59.038006] SKIP: Could not parse date for 'ก.ค. 69 พัฒนาทักษะภาษาอังกฤษตามกรอบ CEFR อบรมและสอบวัดระดับความรู้' - Value: 'มิ.ย.'
[2026-08-13T16:28:48.862178] SKIP: Could not parse date for 'ก.ค. 69 โครงการวิศวกรสังคมคณะวิทยาศาสตร์และเทคโนโลยี' - Value: 'มิ.ย.'
[2026-08-13T16:28:48.862189] SKIP: Could not parse date for 'ก.ค. 69 สอบทักษะดิจิทัล' - Value: 'มิ.ย.'
[2026-08-13T16:28:48.862192] SKIP: Could not parse date for 'ก.ค. 69 พัฒนาทักษะภาษาอังกฤษตามกรอบ CEFR อบรมและสอบวัดระดับความรู้' - Value: 'มิ.ย.'
[2026-08-13T16:31:17.984759] SKIP: Could not parse date for 'ก.ค. 69 โครงการวิศวกรสังคมคณะวิทยาศาสตร์และเทคโนโลยี' - Value: 'มิ.ย.'
[2026-08-13T16:31:17.984772] SKIP: Could not parse date for 'ก.ค. 69 สอบทักษะดิจิทัล' - Value: 'มิ.ย.'
[2026-08-13T16:31:17.984776] SKIP: Could not parse date for 'ก.ค. 69 พัฒนาทักษะภาษาอังกฤษตามกรอบ CEFR อบรมและสอบวัดระดับความรู้' - Value: 'มิ.ย.'
[2026-08-13T18:12:47.919598] SKIP: Could not parse date for 'ก.ค. 69 โครงการวิศวกรสังคมคณะวิทยาศาสตร์และเทคโนโลยี' - Value: 'มิ.ย.'
[2026-08-13T18:12:47.919614] SKIP: Could not parse date for 'ก.ค. 69 สอบทักษะดิจิทัล' - Value: 'มิ.ย.'
[2026-08-13T18:12:47.919617] SKIP: Could not parse date for 'ก.ค. 69 พัฒนาทักษะภาษาอังกฤษตามกรอบ CEFR อบรมและสอบวัดระดับความรู้' - Value: 'มิ.ย.'
[2026-08-13T18:13:09.786191] SKIP: Could not parse date for 'ก.ค. 69 โครงการวิศวกรสังคมคณะวิทยาศาสตร์และเทคโนโลยี' - Value: 'มิ.ย.'
[2026-08-13T18:13:09.786206] SKIP: Could not parse date for 'ก.ค. 69 สอบทักษะดิจิทัล' - Value: 'มิ.ย.'
[2026-08-13T18:13:09.786211] SKIP: Could not parse date for 'ก.ค. 69 พัฒนาทักษะภาษาอังกฤษตามกรอบ CEFR อบรมและสอบวัดระดับความรู้' - Value: 'มิ.ย.'
[2026-08-13T18:13:17.934621] SKIP: Could not parse date for 'ก.ค. 69 โครงการวิศวกรสังคมคณะวิทยาศาสตร์และเทคโนโลยี' - Value: 'มิ.ย.'
[2026-08-13T18:13:17.934628] SKIP: Could not parse date for 'ก.ค. 69 สอบทักษะดิจิทัล' - Value: 'มิ.ย.'
[2026-08-13T18:13:17.934631] SKIP: Could not parse date for 'ก.ค. 69 พัฒนาทักษะภาษาอังกฤษตามกรอบ CEFR อบรมและสอบวัดระดับความรู้' - Value: 'มิ.ย.'
[2026-08-13T18:13:22.025216] SKIP: Could not parse date for 'ก.ค. 69 โครงการวิศวกรสังคมคณะวิทยาศาสตร์และเทคโนโลยี' - Value: 'มิ.ย.'
[2026-08-13T18:13:22.025225] SKIP: Could not parse date for 'ก.ค. 69 สอบทักษะดิจิทัล' - Value: 'มิ.ย.'
[2026-08-13T18:13:22.025228] SKIP: Could not parse date for 'ก.ค. 69 พัฒนาทักษะภาษาอังกฤษตามกรอบ CEFR อบรมและสอบวัดระดับความรู้' - Value: 'มิ.ย.'
[2026-08-13T18:13:23.191839] SKIP: Could not parse date for 'ก.ค. 69 โครงการวิศวกรสังคมคณะวิทยาศาสตร์และเทคโนโลยี' - Value: 'มิ.ย.'
[2026-08-13T18:13:23.191849] SKIP: Could not parse date for 'ก.ค. 69 สอบทักษะดิจิทัล' - Value: 'มิ.ย.'
[2026-08-13T18:13:23.191851] SKIP: Could not parse date for 'ก.ค. 69 พัฒนาทักษะภาษาอังกฤษตามกรอบ CEFR อบรมและสอบวัดระดับความรู้' - Value: 'มิ.ย.'
[2026-08-15T08:00:12.168902] SKIP: Could not parse date for 'ก.ค. 69 โครงการวิศวกรสังคมคณะวิทยาศาสตร์และเทคโนโลยี' - Value: 'มิ.ย.'
[2026-08-15T08:00:12.168915] SKIP: Could not parse date for 'ก.ค. 69 สอบทักษะดิจิทัล' - Value: 'มิ.ย.'
[2026-08-15T08:00:12.168918] SKIP: Could not parse date for 'ก.ค. 69 พัฒนาทักษะภาษาอังกฤษตามกรอบ CEFR อบรมและสอบวัดระดับความรู้' - Value: 'มิ.ย.'
[2026-08-15T08:00:20.691524] SKIP: Could not parse date for 'ก.ค. 69 โครงการวิศวกรสังคมคณะวิทยาศาสตร์และเทคโนโลยี' - Value: 'มิ.ย.'
[2026-08-15T08:00:20.691537] SKIP: Could not parse date for 'ก.ค. 69 สอบทักษะดิจิทัล' - Value: 'มิ.ย.'
[2026-08-15T08:00:20.691540] SKIP: Could not parse date for 'ก.ค. 69 พัฒนาทักษะภาษาอังกฤษตามกรอบ CEFR อบรมและสอบวัดระดับความรู้' - Value: 'มิ.ย.'
[2026-08-15T08:00:28.305167] SKIP: Could not parse date for 'ก.ค. 69 โครงการวิศวกรสังคมคณะวิทยาศาสตร์และเทคโนโลยี' - Value: 'มิ.ย.'
[2026-08-15T08:00:28.305175] SKIP: Could not parse date for 'ก.ค. 69 สอบทักษะดิจิทัล' - Value: 'มิ.ย.'
[2026-08-15T08:00:28.305177] SKIP: Could not parse date for 'ก.ค. 69 พัฒนาทักษะภาษาอังกฤษตามกรอบ CEFR อบรมและสอบวัดระดับความรู้' - Value: 'มิ.ย.'
[2026-08-16T14:40:42.894217] SKIP: Could not parse date for 'ก.ค. 69 โครงการวิศวกรสังคมคณะวิทยาศาสตร์และเทคโนโลยี' - Value: 'มิ.ย.'
[2026-08-16T14:40:42.894232] SKIP: Could not parse date for 'ก.ค. 69 สอบทักษะดิจิทัล' - Value: 'มิ.ย.'
[2026-08-16T14:40:42.894235] SKIP: Could not parse date for 'ก.ค. 69 พัฒนาทักษะภาษาอังกฤษตามกรอบ CEFR อบรมและสอบวัดระดับความรู้' - Value: 'มิ.ย.'
[2026-08-16T14:41:21.541405] SKIP: Could not parse date for 'ก.ค. 69 โครงการวิศวกรสังคมคณะวิทยาศาสตร์และเทคโนโลยี' - Value: 'มิ.ย.'
[2026-08-16T14:41:21.541416] SKIP: Could not parse date for 'ก.ค. 69 สอบทักษะดิจิทัล' - Value: 'มิ.ย.'
[2026-08-16T14:41:21.541419] SKIP: Could not parse date for 'ก.ค. 69 พัฒนาทักษะภาษาอังกฤษตามกรอบ CEFR อบรมและสอบวัดระดับความรู้' - Value: 'มิ.ย.'
[2026-08-16T14:43:51.708510] SKIP: Could not parse date for 'ก.ค. 69 โครงการวิศวกรสังคมคณะวิทยาศาสตร์และเทคโนโลยี' - Value: 'มิ.ย.'
[2026-08-16T14:43:51.708519] SKIP: Could not parse date for 'ก.ค. 69 สอบทักษะดิจิทัล' - Value: 'มิ.ย.'
[2026-08-16T14:43:51.708522] SKIP: Could not parse date for 'ก.ค. 69 พัฒนาทักษะภาษาอังกฤษตามกรอบ CEFR อบรมและสอบวัดระดับความรู้' - Value: 'มิ.ย.'
[2026-08-16T14:43:56.725630] SKIP: Could not parse date for 'ก.ค. 69 โครงการวิศวกรสังคมคณะวิทยาศาสตร์และเทคโนโลยี' - Value: 'มิ.ย.'
[2026-08-16T14:43:56.725647] SKIP: Could not parse date for 'ก.ค. 69 สอบทักษะดิจิทัล' - Value: 'มิ.ย.'
[2026-08-16T14:43:56.725650] SKIP: Could not parse date for 'ก.ค. 69 พัฒนาทักษะภาษาอังกฤษตามกรอบ CEFR อบรมและสอบวัดระดับความรู้' - Value: 'มิ.ย.'
[2026-08-16T14:45:21.715559] SKIP: Could not parse date for 'ก.ค. 69 โครงการวิศวกรสังคมคณะวิทยาศาสตร์และเทคโนโลยี' - Value: 'มิ.ย.'
[2026-08-16T14:45:21.715569] SKIP: Could not parse date for 'ก.ค. 69 สอบทักษะดิจิทัล' - Value: 'มิ.ย.'
[2026-08-16T14:45:21.715571] SKIP: Could not parse date for 'ก.ค. 69 พัฒนาทักษะภาษาอังกฤษตามกรอบ CEFR อบรมและสอบวัดระดับความรู้' - Value: 'มิ.ย.'
[2026-08-16T14:50:11.776494] SKIP: Could not parse date for 'ก.ค. 69 โครงการวิศวกรสังคมคณะวิทยาศาสตร์และเทคโนโลยี' - Value: 'มิ.ย.'
[2026-08-16T14:50:11.776503] SKIP: Could not parse date for 'ก.ค. 69 สอบทักษะดิจิทัล' - Value: 'มิ.ย.'
[2026-08-16T14:50:11.776507] SKIP: Could not parse date for 'ก.ค. 69 พัฒนาทักษะภาษาอังกฤษตามกรอบ CEFR อบรมและสอบวัดระดับความรู้' - Value: 'มิ.ย.'
[2026-08-16T14:50:14.034989] SKIP: Could not parse date for 'ก.ค. 69 โครงการวิศวกรสังคมคณะวิทยาศาสตร์และเทคโนโลยี' - Value: 'มิ.ย.'
[2026-08-16T14:50:14.034997] SKIP: Could not parse date for 'ก.ค. 69 สอบทักษะดิจิทัล' - Value: 'มิ.ย.'
[2026-08-16T14:50:14.035000] SKIP: Could not parse date for 'ก.ค. 69 พัฒนาทักษะภาษาอังกฤษตามกรอบ CEFR อบรมและสอบวัดระดับความรู้' - Value: 'มิ.ย.'
[2026-08-16T14:52:44.903314] SKIP: Could not parse date for 'ก.ค. 69 โครงการวิศวกรสังคมคณะวิทยาศาสตร์และเทคโนโลยี' - Value: 'มิ.ย.'
[2026-08-16T14:52:44.903326] SKIP: Could not parse date for 'ก.ค. 69 สอบทักษะดิจิทัล' - Value: 'มิ.ย.'
[2026-08-16T14:52:44.903329] SKIP: Could not parse date for 'ก.ค. 69 พัฒนาทักษะภาษาอังกฤษตามกรอบ CEFR อบรมและสอบวัดระดับความรู้' - Value: 'มิ.ย.'
[2026-08-16T14:52:50.966305] SKIP: Could not parse date for 'ก.ค. 69 โครงการวิศวกรสังคมคณะวิทยาศาสตร์และเทคโนโลยี' - Value: 'มิ.ย.'
[2026-08-16T14:52:50.966321] SKIP: Could not parse date for 'ก.ค. 69 สอบทักษะดิจิทัล' - Value: 'มิ.ย.'
[2026-08-16T14:52:50.966326] SKIP: Could not parse date for 'ก.ค. 69 พัฒนาทักษะภาษาอังกฤษตามกรอบ CEFR อบรมและสอบวัดระดับความรู้' - Value: 'มิ.ย.'
[2026-08-16T14:53:35.895675] SKIP: Could not parse date for 'ก.ค. 69 โครงการวิศวกรสังคมคณะวิทยาศาสตร์และเทคโนโลยี' - Value: 'มิ.ย.'
[2026-08-16T14:53:35.895691] SKIP: Could not parse date for 'ก.ค. 69 สอบทักษะดิจิทัล' - Value: 'มิ.ย.'
[2026-08-16T14:53:35.895695] SKIP: Could not parse date for 'ก.ค. 69 พัฒนาทักษะภาษาอังกฤษตามกรอบ CEFR อบรมและสอบวัดระดับความรู้' - Value: 'มิ.ย.'
[2026-08-16T14:53:39.457947] SKIP: Could not parse date for 'ก.ค. 69 โครงการวิศวกรสังคมคณะวิทยาศาสตร์และเทคโนโลยี' - Value: 'มิ.ย.'
[2026-08-16T14:53:39.457956] SKIP: Could not parse date for 'ก.ค. 69 สอบทักษะดิจิทัล' - Value: 'มิ.ย.'
[2026-08-16T14:53:39.457958] SKIP: Could not parse date for 'ก.ค. 69 พัฒนาทักษะภาษาอังกฤษตามกรอบ CEFR อบรมและสอบวัดระดับความรู้' - Value: 'มิ.ย.'
[2026-08-16T14:53:50.595158] SKIP: Could not parse date for 'ก.ค. 69 โครงการวิศวกรสังคมคณะวิทยาศาสตร์และเทคโนโลยี' - Value: 'มิ.ย.'
[2026-08-16T14:53:50.595168] SKIP: Could not parse date for 'ก.ค. 69 สอบทักษะดิจิทัล' - Value: 'มิ.ย.'
[2026-08-16T14:53:50.595171] SKIP: Could not parse date for 'ก.ค. 69 พัฒนาทักษะภาษาอังกฤษตามกรอบ CEFR อบรมและสอบวัดระดับความรู้' - Value: 'มิ.ย.'
[2026-08-16T14:53:52.034550] SKIP: Could not parse date for 'ก.ค. 69 โครงการวิศวกรสังคมคณะวิทยาศาสตร์และเทคโนโลยี' - Value: 'มิ.ย.'
[2026-08-16T14:53:52.034556] SKIP: Could not parse date for 'ก.ค. 69 สอบทักษะดิจิทัล' - Value: 'มิ.ย.'
[2026-08-16T14:53:52.034559] SKIP: Could not parse date for 'ก.ค. 69 พัฒนาทักษะภาษาอังกฤษตามกรอบ CEFR อบรมและสอบวัดระดับความรู้' - Value: 'มิ.ย.'
[2026-08-16T14:53:52.034562] SUCCESS: Opened 'มิ.ย. 69 อบรมพัฒนาทักษะในศตวรรษที่ 21 นักศึกษาคณะวิทยาศาสตร์และเทคโนโลยี' (Event Date: 2026-06-19, Today: 2026-08-16)
[2026-08-16T14:53:52.034564] SUCCESS: Opened 'กิจกรรมสานสัมพันธ์น้องพี่ สาขาวิชาคอมพิวเตอร์ ปีการศึกษา 2569' (Event Date: 2026-06-13, Today: 2026-08-16)
[2026-08-16T14:53:52.034566] SUCCESS: Opened 'กิจกรรมสานสัมพันธ์น้องพี่ สาขาวิชาคอมพิวเตอร์ ปีการศึกษา 2569' (Event Date: 2026-06-13, Today: 2026-08-16)
[2026-08-16T14:53:56.364193] SKIP: Could not parse date for 'ก.ค. 69 โครงการวิศวกรสังคมคณะวิทยาศาสตร์และเทคโนโลยี' - Value: 'มิ.ย.'
[2026-08-16T14:53:56.364201] SKIP: Could not parse date for 'ก.ค. 69 สอบทักษะดิจิทัล' - Value: 'มิ.ย.'
[2026-08-16T14:53:56.364203] SKIP: Could not parse date for 'ก.ค. 69 พัฒนาทักษะภาษาอังกฤษตามกรอบ CEFR อบรมและสอบวัดระดับความรู้' - Value: 'มิ.ย.'
[2026-08-16T14:54:01.782207] SKIP: Could not parse date for 'ก.ค. 69 โครงการวิศวกรสังคมคณะวิทยาศาสตร์และเทคโนโลยี' - Value: 'มิ.ย.'
[2026-08-16T14:54:01.782215] SKIP: Could not parse date for 'ก.ค. 69 สอบทักษะดิจิทัล' - Value: 'มิ.ย.'
[2026-08-16T14:54:01.782217] SKIP: Could not parse date for 'ก.ค. 69 พัฒนาทักษะภาษาอังกฤษตามกรอบ CEFR อบรมและสอบวัดระดับความรู้' - Value: 'มิ.ย.'
[2026-08-16T14:55:29.166956] SKIP: Could not parse date for 'ก.ค. 69 โครงการวิศวกรสังคมคณะวิทยาศาสตร์และเทคโนโลยี' - Value: 'มิ.ย.'
[2026-08-16T14:55:29.166965] SKIP: Could not parse date for 'ก.ค. 69 สอบทักษะดิจิทัล' - Value: 'มิ.ย.'
[2026-08-16T14:55:29.166967] SKIP: Could not parse date for 'ก.ค. 69 พัฒนาทักษะภาษาอังกฤษตามกรอบ CEFR อบรมและสอบวัดระดับความรู้' - Value: 'มิ.ย.'
[2026-08-16T14:55:40.740697] SKIP: Could not parse date for 'ก.ค. 69 โครงการวิศวกรสังคมคณะวิทยาศาสตร์และเทคโนโลยี' - Value: 'มิ.ย.'
[2026-08-16T14:55:40.740716] SKIP: Could not parse date for 'ก.ค. 69 สอบทักษะดิจิทัล' - Value: 'มิ.ย.'
[2026-08-16T14:55:40.740721] SKIP: Could not parse date for 'ก.ค. 69 พัฒนาทักษะภาษาอังกฤษตามกรอบ CEFR อบรมและสอบวัดระดับความรู้' - Value: 'มิ.ย.'
[2026-08-16T15:13:23.080025] SKIP: Could not parse date for 'ก.ค. 69 โครงการวิศวกรสังคมคณะวิทยาศาสตร์และเทคโนโลยี' - Value: 'มิ.ย.'
[2026-08-16T15:13:23.080033] SKIP: Could not parse date for 'ก.ค. 69 สอบทักษะดิจิทัล' - Value: 'มิ.ย.'
[2026-08-16T15:13:23.080036] SKIP: Could not parse date for 'ก.ค. 69 พัฒนาทักษะภาษาอังกฤษตามกรอบ CEFR อบรมและสอบวัดระดับความรู้' - Value: 'มิ.ย.'
[2026-08-16T15:13:25.948100] SKIP: Could not parse date for 'ก.ค. 69 โครงการวิศวกรสังคมคณะวิทยาศาสตร์และเทคโนโลยี' - Value: 'มิ.ย.'
[2026-08-16T15:13:25.948109] SKIP: Could not parse date for 'ก.ค. 69 สอบทักษะดิจิทัล' - Value: 'มิ.ย.'
[2026-08-16T15:13:25.948111] SKIP: Could not parse date for 'ก.ค. 69 พัฒนาทักษะภาษาอังกฤษตามกรอบ CEFR อบรมและสอบวัดระดับความรู้' - Value: 'มิ.ย.'
[2026-08-16T15:16:41.902106] SKIP: Could not parse date for 'ก.ค. 69 โครงการวิศวกรสังคมคณะวิทยาศาสตร์และเทคโนโลยี' - Value: 'มิ.ย.'
[2026-08-16T15:16:41.902124] SKIP: Could not parse date for 'ก.ค. 69 สอบทักษะดิจิทัล' - Value: 'มิ.ย.'
[2026-08-16T15:16:41.902131] SKIP: Could not parse date for 'ก.ค. 69 พัฒนาทักษะภาษาอังกฤษตามกรอบ CEFR อบรมและสอบวัดระดับความรู้' - Value: 'มิ.ย.'
[2026-08-16T15:16:44.410706] SKIP: Could not parse date for 'ก.ค. 69 โครงการวิศวกรสังคมคณะวิทยาศาสตร์และเทคโนโลยี' - Value: 'มิ.ย.'
[2026-08-16T15:16:44.410716] SKIP: Could not parse date for 'ก.ค. 69 สอบทักษะดิจิทัล' - Value: 'มิ.ย.'
[2026-08-16T15:16:44.410718] SKIP: Could not parse date for 'ก.ค. 69 พัฒนาทักษะภาษาอังกฤษตามกรอบ CEFR อบรมและสอบวัดระดับความรู้' - Value: 'มิ.ย.'
[2026-08-16T15:16:46.519001] SKIP: Could not parse date for 'ก.ค. 69 โครงการวิศวกรสังคมคณะวิทยาศาสตร์และเทคโนโลยี' - Value: 'มิ.ย.'
[2026-08-16T15:16:46.519010] SKIP: Could not parse date for 'ก.ค. 69 สอบทักษะดิจิทัล' - Value: 'มิ.ย.'
[2026-08-16T15:16:46.519012] SKIP: Could not parse date for 'ก.ค. 69 พัฒนาทักษะภาษาอังกฤษตามกรอบ CEFR อบรมและสอบวัดระดับความรู้' - Value: 'มิ.ย.'
[2026-08-16T15:17:01.521656] SKIP: Could not parse date for 'ก.ค. 69 โครงการวิศวกรสังคมคณะวิทยาศาสตร์และเทคโนโลยี' - Value: 'มิ.ย.'
[2026-08-16T15:17:01.521668] SKIP: Could not parse date for 'ก.ค. 69 สอบทักษะดิจิทัล' - Value: 'มิ.ย.'
[2026-08-16T15:17:01.521672] SKIP: Could not parse date for 'ก.ค. 69 พัฒนาทักษะภาษาอังกฤษตามกรอบ CEFR อบรมและสอบวัดระดับความรู้' - Value: 'มิ.ย.'
[2026-08-16T15:17:51.607742] SKIP: Could not parse date for 'ก.ค. 69 โครงการวิศวกรสังคมคณะวิทยาศาสตร์และเทคโนโลยี' - Value: 'มิ.ย.'
[2026-08-16T15:17:51.607752] SKIP: Could not parse date for 'ก.ค. 69 สอบทักษะดิจิทัล' - Value: 'มิ.ย.'
[2026-08-16T15:17:51.607754] SKIP: Could not parse date for 'ก.ค. 69 พัฒนาทักษะภาษาอังกฤษตามกรอบ CEFR อบรมและสอบวัดระดับความรู้' - Value: 'มิ.ย.'
[2026-08-16T15:17:57.831569] SKIP: Could not parse date for 'ก.ค. 69 โครงการวิศวกรสังคมคณะวิทยาศาสตร์และเทคโนโลยี' - Value: 'มิ.ย.'
[2026-08-16T15:17:57.831584] SKIP: Could not parse date for 'ก.ค. 69 สอบทักษะดิจิทัล' - Value: 'มิ.ย.'
[2026-08-16T15:17:57.831588] SKIP: Could not parse date for 'ก.ค. 69 พัฒนาทักษะภาษาอังกฤษตามกรอบ CEFR อบรมและสอบวัดระดับความรู้' - Value: 'มิ.ย.'
[2026-08-16T15:18:29.594045] SKIP: Could not parse date for 'ก.ค. 69 โครงการวิศวกรสังคมคณะวิทยาศาสตร์และเทคโนโลยี' - Value: 'มิ.ย.'
[2026-08-16T15:18:29.594055] SKIP: Could not parse date for 'ก.ค. 69 สอบทักษะดิจิทัล' - Value: 'มิ.ย.'
[2026-08-16T15:18:29.594058] SKIP: Could not parse date for 'ก.ค. 69 พัฒนาทักษะภาษาอังกฤษตามกรอบ CEFR อบรมและสอบวัดระดับความรู้' - Value: 'มิ.ย.'
[2026-08-16T15:19:06.353211] SKIP: Could not parse date for 'ก.ค. 69 โครงการวิศวกรสังคมคณะวิทยาศาสตร์และเทคโนโลยี' - Value: 'มิ.ย.'
[2026-08-16T15:19:06.353222] SKIP: Could not parse date for 'ก.ค. 69 สอบทักษะดิจิทัล' - Value: 'มิ.ย.'
[2026-08-16T15:19:06.353225] SKIP: Could not parse date for 'ก.ค. 69 พัฒนาทักษะภาษาอังกฤษตามกรอบ CEFR อบรมและสอบวัดระดับความรู้' - Value: 'มิ.ย.'
[2026-08-16T15:19:12.375760] SKIP: Could not parse date for 'ก.ค. 69 โครงการวิศวกรสังคมคณะวิทยาศาสตร์และเทคโนโลยี' - Value: 'มิ.ย.'
[2026-08-16T15:19:12.375774] SKIP: Could not parse date for 'ก.ค. 69 สอบทักษะดิจิทัล' - Value: 'มิ.ย.'
[2026-08-16T15:19:12.375779] SKIP: Could not parse date for 'ก.ค. 69 พัฒนาทักษะภาษาอังกฤษตามกรอบ CEFR อบรมและสอบวัดระดับความรู้' - Value: 'มิ.ย.'
[2026-08-16T15:19:26.396996] SKIP: Could not parse date for 'ก.ค. 69 โครงการวิศวกรสังคมคณะวิทยาศาสตร์และเทคโนโลยี' - Value: 'มิ.ย.'
[2026-08-16T15:19:26.397008] SKIP: Could not parse date for 'ก.ค. 69 สอบทักษะดิจิทัล' - Value: 'มิ.ย.'
[2026-08-16T15:19:26.397011] SKIP: Could not parse date for 'ก.ค. 69 พัฒนาทักษะภาษาอังกฤษตามกรอบ CEFR อบรมและสอบวัดระดับความรู้' - Value: 'มิ.ย.'
[2026-08-16T15:19:28.041033] SKIP: Could not parse date for 'ก.ค. 69 โครงการวิศวกรสังคมคณะวิทยาศาสตร์และเทคโนโลยี' - Value: 'มิ.ย.'
[2026-08-16T15:19:28.041041] SKIP: Could not parse date for 'ก.ค. 69 สอบทักษะดิจิทัล' - Value: 'มิ.ย.'
[2026-08-16T15:19:28.041044] SKIP: Could not parse date for 'ก.ค. 69 พัฒนาทักษะภาษาอังกฤษตามกรอบ CEFR อบรมและสอบวัดระดับความรู้' - Value: 'มิ.ย.'
[2026-08-16T15:19:30.814032] SKIP: Could not parse date for 'ก.ค. 69 โครงการวิศวกรสังคมคณะวิทยาศาสตร์และเทคโนโลยี' - Value: 'มิ.ย.'
[2026-08-16T15:19:30.814042] SKIP: Could not parse date for 'ก.ค. 69 สอบทักษะดิจิทัล' - Value: 'มิ.ย.'
[2026-08-16T15:19:30.814044] SKIP: Could not parse date for 'ก.ค. 69 พัฒนาทักษะภาษาอังกฤษตามกรอบ CEFR อบรมและสอบวัดระดับความรู้' - Value: 'มิ.ย.'
[2026-08-16T15:20:26.849001] SKIP: Could not parse date for 'ก.ค. 69 โครงการวิศวกรสังคมคณะวิทยาศาสตร์และเทคโนโลยี' - Value: 'มิ.ย.'
[2026-08-16T15:20:26.849010] SKIP: Could not parse date for 'ก.ค. 69 สอบทักษะดิจิทัล' - Value: 'มิ.ย.'
[2026-08-16T15:20:26.849013] SKIP: Could not parse date for 'ก.ค. 69 พัฒนาทักษะภาษาอังกฤษตามกรอบ CEFR อบรมและสอบวัดระดับความรู้' - Value: 'มิ.ย.'
[2026-08-16T15:20:52.669609] SKIP: Could not parse date for 'ก.ค. 69 โครงการวิศวกรสังคมคณะวิทยาศาสตร์และเทคโนโลยี' - Value: 'มิ.ย.'
[2026-08-16T15:20:52.669618] SKIP: Could not parse date for 'ก.ค. 69 สอบทักษะดิจิทัล' - Value: 'มิ.ย.'
[2026-08-16T15:20:52.669621] SKIP: Could not parse date for 'ก.ค. 69 พัฒนาทักษะภาษาอังกฤษตามกรอบ CEFR อบรมและสอบวัดระดับความรู้' - Value: 'มิ.ย.'
[2026-08-17T14:32:01.248971] SKIP: Could not parse date for 'ก.ค. 69 โครงการวิศวกรสังคมคณะวิทยาศาสตร์และเทคโนโลยี' - Value: 'มิ.ย.'
[2026-08-17T14:32:01.248983] SKIP: Could not parse date for 'ก.ค. 69 สอบทักษะดิจิทัล' - Value: 'มิ.ย.'
[2026-08-17T14:32:01.248986] SKIP: Could not parse date for 'ก.ค. 69 พัฒนาทักษะภาษาอังกฤษตามกรอบ CEFR อบรมและสอบวัดระดับความรู้' - Value: 'มิ.ย.'
[2026-08-17T14:33:08.313612] SKIP: Could not parse date for 'ก.ค. 69 โครงการวิศวกรสังคมคณะวิทยาศาสตร์และเทคโนโลยี' - Value: 'มิ.ย.'
[2026-08-17T14:33:08.313620] SKIP: Could not parse date for 'ก.ค. 69 สอบทักษะดิจิทัล' - Value: 'มิ.ย.'
[2026-08-17T14:33:08.313623] SKIP: Could not parse date for 'ก.ค. 69 พัฒนาทักษะภาษาอังกฤษตามกรอบ CEFR อบรมและสอบวัดระดับความรู้' - Value: 'มิ.ย.'
[2026-08-17T14:33:10.928644] SKIP: Could not parse date for 'ก.ค. 69 โครงการวิศวกรสังคมคณะวิทยาศาสตร์และเทคโนโลยี' - Value: 'มิ.ย.'
[2026-08-17T14:33:10.928655] SKIP: Could not parse date for 'ก.ค. 69 สอบทักษะดิจิทัล' - Value: 'มิ.ย.'
[2026-08-17T14:33:10.928658] SKIP: Could not parse date for 'ก.ค. 69 พัฒนาทักษะภาษาอังกฤษตามกรอบ CEFR อบรมและสอบวัดระดับความรู้' - Value: 'มิ.ย.'
[2026-08-17T14:33:19.277662] SKIP: Could not parse date for 'ก.ค. 69 โครงการวิศวกรสังคมคณะวิทยาศาสตร์และเทคโนโลยี' - Value: 'มิ.ย.'
[2026-08-17T14:33:19.277672] SKIP: Could not parse date for 'ก.ค. 69 สอบทักษะดิจิทัล' - Value: 'มิ.ย.'
[2026-08-17T14:33:19.277675] SKIP: Could not parse date for 'ก.ค. 69 พัฒนาทักษะภาษาอังกฤษตามกรอบ CEFR อบรมและสอบวัดระดับความรู้' - Value: 'มิ.ย.'
[2026-08-23T20:23:10.495341] SKIP: Could not parse date for 'ก.ค. 69 โครงการวิศวกรสังคมคณะวิทยาศาสตร์และเทคโนโลยี' - Value: 'มิ.ย.'
[2026-08-23T20:23:10.495352] SKIP: Could not parse date for 'ก.ค. 69 สอบทักษะดิจิทัล' - Value: 'มิ.ย.'
[2026-08-23T20:23:10.495356] SKIP: Could not parse date for 'ก.ค. 69 พัฒนาทักษะภาษาอังกฤษตามกรอบ CEFR อบรมและสอบวัดระดับความรู้' - Value: 'มิ.ย.'
[2026-08-23T20:23:10.495358] SUCCESS: Opened 'สัปดาห์วันวิทยาศาสตร์' (Event Date: 2026-08-18, Today: 2026-08-23)
[2026-08-23T20:23:10.495361] SUCCESS: Opened 'พ่นหมอกควันกำจัดยุงลาย ครั้งที่ 2' (Event Date: 2026-08-20, Today: 2026-08-23)
[2026-09-03T18:02:49.573854] SKIP: Could not parse date for 'ก.ค. 69 โครงการวิศวกรสังคมคณะวิทยาศาสตร์และเทคโนโลยี' - Value: 'มิ.ย.'
[2026-09-03T18:02:49.573867] SKIP: Could not parse date for 'ก.ค. 69 สอบทักษะดิจิทัล' - Value: 'มิ.ย.'
[2026-09-03T18:02:49.573871] SKIP: Could not parse date for 'ก.ค. 69 พัฒนาทักษะภาษาอังกฤษตามกรอบ CEFR อบรมและสอบวัดระดับความรู้' - Value: 'มิ.ย.'
[2026-09-03T18:04:11.677762] SKIP: Could not parse date for 'ก.ค. 69 โครงการวิศวกรสังคมคณะวิทยาศาสตร์และเทคโนโลยี' - Value: 'มิ.ย.'
[2026-09-03T18:04:11.677773] SKIP: Could not parse date for 'ก.ค. 69 สอบทักษะดิจิทัล' - Value: 'มิ.ย.'
[2026-09-03T18:04:11.677775] SKIP: Could not parse date for 'ก.ค. 69 พัฒนาทักษะภาษาอังกฤษตามกรอบ CEFR อบรมและสอบวัดระดับความรู้' - Value: 'มิ.ย.'
[2026-09-03T18:04:19.009953] SKIP: Could not parse date for 'ก.ค. 69 โครงการวิศวกรสังคมคณะวิทยาศาสตร์และเทคโนโลยี' - Value: 'มิ.ย.'
[2026-09-03T18:04:19.009959] SKIP: Could not parse date for 'ก.ค. 69 สอบทักษะดิจิทัล' - Value: 'มิ.ย.'
[2026-09-03T18:04:19.009961] SKIP: Could not parse date for 'ก.ค. 69 พัฒนาทักษะภาษาอังกฤษตามกรอบ CEFR อบรมและสอบวัดระดับความรู้' - Value: 'มิ.ย.'
[2026-09-03T18:05:49.253438] SKIP: Could not parse date for 'ก.ค. 69 โครงการวิศวกรสังคมคณะวิทยาศาสตร์และเทคโนโลยี' - Value: 'มิ.ย.'
[2026-09-03T18:05:49.253445] SKIP: Could not parse date for 'ก.ค. 69 สอบทักษะดิจิทัล' - Value: 'มิ.ย.'
[2026-09-03T18:05:49.253447] SKIP: Could not parse date for 'ก.ค. 69 พัฒนาทักษะภาษาอังกฤษตามกรอบ CEFR อบรมและสอบวัดระดับความรู้' - Value: 'มิ.ย.'
[2026-09-03T18:06:05.748746] SKIP: Could not parse date for 'ก.ค. 69 โครงการวิศวกรสังคมคณะวิทยาศาสตร์และเทคโนโลยี' - Value: 'มิ.ย.'
[2026-09-03T18:06:05.748753] SKIP: Could not parse date for 'ก.ค. 69 สอบทักษะดิจิทัล' - Value: 'มิ.ย.'
[2026-09-03T18:06:05.748755] SKIP: Could not parse date for 'ก.ค. 69 พัฒนาทักษะภาษาอังกฤษตามกรอบ CEFR อบรมและสอบวัดระดับความรู้' - Value: 'มิ.ย.'
[2026-09-05T16:04:28.995215] SKIP: Could not parse date for 'ก.ค. 69 โครงการวิศวกรสังคมคณะวิทยาศาสตร์และเทคโนโลยี' - Value: 'มิ.ย.'
[2026-09-05T16:04:28.995226] SKIP: Could not parse date for 'ก.ค. 69 สอบทักษะดิจิทัล' - Value: 'มิ.ย.'
[2026-09-05T16:04:28.995228] SKIP: Could not parse date for 'ก.ค. 69 พัฒนาทักษะภาษาอังกฤษตามกรอบ CEFR อบรมและสอบวัดระดับความรู้' - Value: 'มิ.ย.'
[2026-09-05T16:08:12.776361] SKIP: Could not parse date for 'ก.ค. 69 โครงการวิศวกรสังคมคณะวิทยาศาสตร์และเทคโนโลยี' - Value: 'มิ.ย.'
[2026-09-05T16:08:12.776374] SKIP: Could not parse date for 'ก.ค. 69 สอบทักษะดิจิทัล' - Value: 'มิ.ย.'
[2026-09-05T16:08:12.776377] SKIP: Could not parse date for 'ก.ค. 69 พัฒนาทักษะภาษาอังกฤษตามกรอบ CEFR อบรมและสอบวัดระดับความรู้' - Value: 'มิ.ย.'
[2026-09-05T16:17:45.001864] SKIP: Could not parse date for 'ก.ค. 69 โครงการวิศวกรสังคมคณะวิทยาศาสตร์และเทคโนโลยี' - Value: 'มิ.ย.'
[2026-09-05T16:17:45.001876] SKIP: Could not parse date for 'ก.ค. 69 สอบทักษะดิจิทัล' - Value: 'มิ.ย.'
[2026-09-05T16:17:45.001879] SKIP: Could not parse date for 'ก.ค. 69 พัฒนาทักษะภาษาอังกฤษตามกรอบ CEFR อบรมและสอบวัดระดับความรู้' - Value: 'มิ.ย.'
[2026-09-05T16:17:50.333593] SKIP: Could not parse date for 'ก.ค. 69 โครงการวิศวกรสังคมคณะวิทยาศาสตร์และเทคโนโลยี' - Value: 'มิ.ย.'
[2026-09-05T16:17:50.333605] SKIP: Could not parse date for 'ก.ค. 69 สอบทักษะดิจิทัล' - Value: 'มิ.ย.'
[2026-09-05T16:17:50.333610] SKIP: Could not parse date for 'ก.ค. 69 พัฒนาทักษะภาษาอังกฤษตามกรอบ CEFR อบรมและสอบวัดระดับความรู้' - Value: 'มิ.ย.'
[2026-09-05T16:20:10.907866] SKIP: Could not parse date for 'ก.ค. 69 โครงการวิศวกรสังคมคณะวิทยาศาสตร์และเทคโนโลยี' - Value: 'มิ.ย.'
[2026-09-05T16:20:10.907874] SKIP: Could not parse date for 'ก.ค. 69 สอบทักษะดิจิทัล' - Value: 'มิ.ย.'
[2026-09-05T16:20:10.907876] SKIP: Could not parse date for 'ก.ค. 69 พัฒนาทักษะภาษาอังกฤษตามกรอบ CEFR อบรมและสอบวัดระดับความรู้' - Value: 'มิ.ย.'
[2026-09-05T16:20:29.935759] SKIP: Could not parse date for 'ก.ค. 69 โครงการวิศวกรสังคมคณะวิทยาศาสตร์และเทคโนโลยี' - Value: 'มิ.ย.'
[2026-09-05T16:20:29.935768] SKIP: Could not parse date for 'ก.ค. 69 สอบทักษะดิจิทัล' - Value: 'มิ.ย.'
[2026-09-05T16:20:29.935770] SKIP: Could not parse date for 'ก.ค. 69 พัฒนาทักษะภาษาอังกฤษตามกรอบ CEFR อบรมและสอบวัดระดับความรู้' - Value: 'มิ.ย.'
[2026-09-05T16:20:38.492978] SKIP: Could not parse date for 'ก.ค. 69 โครงการวิศวกรสังคมคณะวิทยาศาสตร์และเทคโนโลยี' - Value: 'มิ.ย.'
[2026-09-05T16:20:38.492986] SKIP: Could not parse date for 'ก.ค. 69 สอบทักษะดิจิทัล' - Value: 'มิ.ย.'
[2026-09-05T16:20:38.492988] SKIP: Could not parse date for 'ก.ค. 69 พัฒนาทักษะภาษาอังกฤษตามกรอบ CEFR อบรมและสอบวัดระดับความรู้' - Value: 'มิ.ย.'
[2026-09-05T16:20:51.446404] SKIP: Could not parse date for 'ก.ค. 69 โครงการวิศวกรสังคมคณะวิทยาศาสตร์และเทคโนโลยี' - Value: 'มิ.ย.'
[2026-09-05T16:20:51.446415] SKIP: Could not parse date for 'ก.ค. 69 สอบทักษะดิจิทัล' - Value: 'มิ.ย.'
[2026-09-05T16:20:51.446417] SKIP: Could not parse date for 'ก.ค. 69 พัฒนาทักษะภาษาอังกฤษตามกรอบ CEFR อบรมและสอบวัดระดับความรู้' - Value: 'มิ.ย.'
[2026-09-05T16:23:12.955330] SKIP: Could not parse date for 'ก.ค. 69 โครงการวิศวกรสังคมคณะวิทยาศาสตร์และเทคโนโลยี' - Value: 'มิ.ย.'
[2026-09-05T16:23:12.955338] SKIP: Could not parse date for 'ก.ค. 69 สอบทักษะดิจิทัล' - Value: 'มิ.ย.'
[2026-09-05T16:23:12.955341] SKIP: Could not parse date for 'ก.ค. 69 พัฒนาทักษะภาษาอังกฤษตามกรอบ CEFR อบรมและสอบวัดระดับความรู้' - Value: 'มิ.ย.'
[2026-09-05T16:23:26.691523] SKIP: Could not parse date for 'ก.ค. 69 โครงการวิศวกรสังคมคณะวิทยาศาสตร์และเทคโนโลยี' - Value: 'มิ.ย.'
[2026-09-05T16:23:26.691535] SKIP: Could not parse date for 'ก.ค. 69 สอบทักษะดิจิทัล' - Value: 'มิ.ย.'
[2026-09-05T16:23:26.691538] SKIP: Could not parse date for 'ก.ค. 69 พัฒนาทักษะภาษาอังกฤษตามกรอบ CEFR อบรมและสอบวัดระดับความรู้' - Value: 'มิ.ย.'
[2026-09-05T16:23:35.618607] SKIP: Could not parse date for 'ก.ค. 69 โครงการวิศวกรสังคมคณะวิทยาศาสตร์และเทคโนโลยี' - Value: 'มิ.ย.'
[2026-09-05T16:23:35.618617] SKIP: Could not parse date for 'ก.ค. 69 สอบทักษะดิจิทัล' - Value: 'มิ.ย.'
[2026-09-05T16:23:35.618620] SKIP: Could not parse date for 'ก.ค. 69 พัฒนาทักษะภาษาอังกฤษตามกรอบ CEFR อบรมและสอบวัดระดับความรู้' - Value: 'มิ.ย.'
[2026-09-05T16:23:45.234430] SKIP: Could not parse date for 'ก.ค. 69 โครงการวิศวกรสังคมคณะวิทยาศาสตร์และเทคโนโลยี' - Value: 'มิ.ย.'
[2026-09-05T16:23:45.234439] SKIP: Could not parse date for 'ก.ค. 69 สอบทักษะดิจิทัล' - Value: 'มิ.ย.'
[2026-09-05T16:23:45.234441] SKIP: Could not parse date for 'ก.ค. 69 พัฒนาทักษะภาษาอังกฤษตามกรอบ CEFR อบรมและสอบวัดระดับความรู้' - Value: 'มิ.ย.'
[2026-09-05T16:26:35.336072] SKIP: Could not parse date for 'ก.ค. 69 โครงการวิศวกรสังคมคณะวิทยาศาสตร์และเทคโนโลยี' - Value: 'มิ.ย.'
[2026-09-05T16:26:35.336086] SKIP: Could not parse date for 'ก.ค. 69 สอบทักษะดิจิทัล' - Value: 'มิ.ย.'
[2026-09-05T16:26:35.336090] SKIP: Could not parse date for 'ก.ค. 69 พัฒนาทักษะภาษาอังกฤษตามกรอบ CEFR อบรมและสอบวัดระดับความรู้' - Value: 'มิ.ย.'
[2026-09-12T06:14:55.112299] SKIP: Could not parse date for 'ก.ค. 69 โครงการวิศวกรสังคมคณะวิทยาศาสตร์และเทคโนโลยี' - Value: 'มิ.ย.'
[2026-09-12T06:14:55.112310] SKIP: Could not parse date for 'ก.ค. 69 สอบทักษะดิจิทัล' - Value: 'มิ.ย.'
[2026-09-12T06:14:55.112312] SKIP: Could not parse date for 'ก.ค. 69 พัฒนาทักษะภาษาอังกฤษตามกรอบ CEFR อบรมและสอบวัดระดับความรู้' - Value: 'มิ.ย.'
[2026-09-12T06:17:50.348417] SKIP: Could not parse date for 'ก.ค. 69 โครงการวิศวกรสังคมคณะวิทยาศาสตร์และเทคโนโลยี' - Value: 'มิ.ย.'
[2026-09-12T06:17:50.348427] SKIP: Could not parse date for 'ก.ค. 69 สอบทักษะดิจิทัล' - Value: 'มิ.ย.'
[2026-09-12T06:17:50.348430] SKIP: Could not parse date for 'ก.ค. 69 พัฒนาทักษะภาษาอังกฤษตามกรอบ CEFR อบรมและสอบวัดระดับความรู้' - Value: 'มิ.ย.'
[2026-09-12T06:19:06.396897] SKIP: Could not parse date for 'ก.ค. 69 โครงการวิศวกรสังคมคณะวิทยาศาสตร์และเทคโนโลยี' - Value: 'มิ.ย.'
[2026-09-12T06:19:06.396908] SKIP: Could not parse date for 'ก.ค. 69 สอบทักษะดิจิทัล' - Value: 'มิ.ย.'
[2026-09-12T06:19:06.396911] SKIP: Could not parse date for 'ก.ค. 69 พัฒนาทักษะภาษาอังกฤษตามกรอบ CEFR อบรมและสอบวัดระดับความรู้' - Value: 'มิ.ย.'
[2026-09-28T13:16:56.340079] SKIP: Could not parse date for 'ก.ค. 69 โครงการวิศวกรสังคมคณะวิทยาศาสตร์และเทคโนโลยี' - Value: 'มิ.ย.'
[2026-09-28T13:16:56.340090] SKIP: Could not parse date for 'ก.ค. 69 สอบทักษะดิจิทัล' - Value: 'มิ.ย.'
[2026-09-28T13:16:56.340093] SKIP: Could not parse date for 'ก.ค. 69 พัฒนาทักษะภาษาอังกฤษตามกรอบ CEFR อบรมและสอบวัดระดับความรู้' - Value: 'มิ.ย.'
[2026-09-28T13:18:17.904252] SKIP: Could not parse date for 'ก.ค. 69 โครงการวิศวกรสังคมคณะวิทยาศาสตร์และเทคโนโลยี' - Value: 'มิ.ย.'
[2026-09-28T13:18:17.904265] SKIP: Could not parse date for 'ก.ค. 69 สอบทักษะดิจิทัล' - Value: 'มิ.ย.'
[2026-09-28T13:18:17.904269] SKIP: Could not parse date for 'ก.ค. 69 พัฒนาทักษะภาษาอังกฤษตามกรอบ CEFR อบรมและสอบวัดระดับความรู้' - Value: 'มิ.ย.'
[2026-09-28T13:18:43.159442] SKIP: Could not parse date for 'ก.ค. 69 โครงการวิศวกรสังคมคณะวิทยาศาสตร์และเทคโนโลยี' - Value: 'มิ.ย.'
[2026-09-28T13:18:43.159453] SKIP: Could not parse date for 'ก.ค. 69 สอบทักษะดิจิทัล' - Value: 'มิ.ย.'
[2026-09-28T13:18:43.159456] SKIP: Could not parse date for 'ก.ค. 69 พัฒนาทักษะภาษาอังกฤษตามกรอบ CEFR อบรมและสอบวัดระดับความรู้' - Value: 'มิ.ย.'
[2026-09-28T13:19:23.047159] SKIP: Could not parse date for 'ก.ค. 69 โครงการวิศวกรสังคมคณะวิทยาศาสตร์และเทคโนโลยี' - Value: 'มิ.ย.'
[2026-09-28T13:19:23.047170] SKIP: Could not parse date for 'ก.ค. 69 สอบทักษะดิจิทัล' - Value: 'มิ.ย.'
[2026-09-28T13:19:23.047174] SKIP: Could not parse date for 'ก.ค. 69 พัฒนาทักษะภาษาอังกฤษตามกรอบ CEFR อบรมและสอบวัดระดับความรู้' - Value: 'มิ.ย.'
[2026-09-28T13:20:08.942579] SKIP: Could not parse date for 'ก.ค. 69 โครงการวิศวกรสังคมคณะวิทยาศาสตร์และเทคโนโลยี' - Value: 'มิ.ย.'
[2026-09-28T13:20:08.942594] SKIP: Could not parse date for 'ก.ค. 69 สอบทักษะดิจิทัล' - Value: 'มิ.ย.'
[2026-09-28T13:20:08.942602] SKIP: Could not parse date for 'ก.ค. 69 พัฒนาทักษะภาษาอังกฤษตามกรอบ CEFR อบรมและสอบวัดระดับความรู้' - Value: 'มิ.ย.'
[2026-09-28T13:20:15.767822] SKIP: Could not parse date for 'ก.ค. 69 โครงการวิศวกรสังคมคณะวิทยาศาสตร์และเทคโนโลยี' - Value: 'มิ.ย.'
[2026-09-28T13:20:15.767834] SKIP: Could not parse date for 'ก.ค. 69 สอบทักษะดิจิทัล' - Value: 'มิ.ย.'
[2026-09-28T13:20:15.767837] SKIP: Could not parse date for 'ก.ค. 69 พัฒนาทักษะภาษาอังกฤษตามกรอบ CEFR อบรมและสอบวัดระดับความรู้' - Value: 'มิ.ย.'
[2026-09-28T13:20:43.339254] SKIP: Could not parse date for 'ก.ค. 69 โครงการวิศวกรสังคมคณะวิทยาศาสตร์และเทคโนโลยี' - Value: 'มิ.ย.'
[2026-09-28T13:20:43.339264] SKIP: Could not parse date for 'ก.ค. 69 สอบทักษะดิจิทัล' - Value: 'มิ.ย.'
[2026-09-28T13:20:43.339266] SKIP: Could not parse date for 'ก.ค. 69 พัฒนาทักษะภาษาอังกฤษตามกรอบ CEFR อบรมและสอบวัดระดับความรู้' - Value: 'มิ.ย.'
[2026-09-28T13:20:52.325192] SKIP: Could not parse date for 'ก.ค. 69 โครงการวิศวกรสังคมคณะวิทยาศาสตร์และเทคโนโลยี' - Value: 'มิ.ย.'
[2026-09-28T13:20:52.325201] SKIP: Could not parse date for 'ก.ค. 69 สอบทักษะดิจิทัล' - Value: 'มิ.ย.'
[2026-09-28T13:20:52.325203] SKIP: Could not parse date for 'ก.ค. 69 พัฒนาทักษะภาษาอังกฤษตามกรอบ CEFR อบรมและสอบวัดระดับความรู้' - Value: 'มิ.ย.'
[2026-09-28T13:20:53.461820] SKIP: Could not parse date for 'ก.ค. 69 โครงการวิศวกรสังคมคณะวิทยาศาสตร์และเทคโนโลยี' - Value: 'มิ.ย.'
[2026-09-28T13:20:53.461826] SKIP: Could not parse date for 'ก.ค. 69 สอบทักษะดิจิทัล' - Value: 'มิ.ย.'
[2026-09-28T13:20:53.461829] SKIP: Could not parse date for 'ก.ค. 69 พัฒนาทักษะภาษาอังกฤษตามกรอบ CEFR อบรมและสอบวัดระดับความรู้' - Value: 'มิ.ย.'
[2026-09-28T13:20:53.461831] SUCCESS: Opened 'มิ.ย. 69 อบรมพัฒนาทักษะในศตวรรษที่ 21 นักศึกษาคณะวิทยาศาสตร์และเทคโนโลยี' (Event Date: 2026-06-19, Today: 2026-09-28)
[2026-09-28T13:20:53.461833] SUCCESS: Opened 'สัปดาห์วันวิทยาศาสตร์' (Event Date: 2026-08-18, Today: 2026-09-28)
[2026-09-28T13:20:53.461835] SUCCESS: Opened 'กิจกรรมสานสัมพันธ์น้องพี่ สาขาวิชาคอมพิวเตอร์ ปีการศึกษา 2569' (Event Date: 2026-06-13, Today: 2026-09-28)
[2026-09-28T13:20:53.461837] SUCCESS: Opened 'กิจกรรมสานสัมพันธ์น้องพี่ สาขาวิชาคอมพิวเตอร์ ปีการศึกษา 2569' (Event Date: 2026-06-13, Today: 2026-09-28)
[2026-09-28T13:21:07.991891] SKIP: Could not parse date for 'ก.ค. 69 โครงการวิศวกรสังคมคณะวิทยาศาสตร์และเทคโนโลยี' - Value: 'มิ.ย.'
[2026-09-28T13:21:07.991903] SKIP: Could not parse date for 'ก.ค. 69 สอบทักษะดิจิทัล' - Value: 'มิ.ย.'
[2026-09-28T13:21:07.991907] SKIP: Could not parse date for 'ก.ค. 69 พัฒนาทักษะภาษาอังกฤษตามกรอบ CEFR อบรมและสอบวัดระดับความรู้' - Value: 'มิ.ย.'
[2026-09-28T13:21:09.810440] SKIP: Could not parse date for 'ก.ค. 69 โครงการวิศวกรสังคมคณะวิทยาศาสตร์และเทคโนโลยี' - Value: 'มิ.ย.'
[2026-09-28T13:21:09.810451] SKIP: Could not parse date for 'ก.ค. 69 สอบทักษะดิจิทัล' - Value: 'มิ.ย.'
[2026-09-28T13:21:09.810454] SKIP: Could not parse date for 'ก.ค. 69 พัฒนาทักษะภาษาอังกฤษตามกรอบ CEFR อบรมและสอบวัดระดับความรู้' - Value: 'มิ.ย.'
[2026-09-28T13:21:09.810458] SUCCESS: Opened 'มิ.ย. 69 อบรมพัฒนาทักษะในศตวรรษที่ 21 นักศึกษาคณะวิทยาศาสตร์และเทคโนโลยี' (Event Date: 2026-06-19, Today: 2026-09-28)
[2026-09-28T13:21:09.810460] SUCCESS: Opened 'สัปดาห์วันวิทยาศาสตร์' (Event Date: 2026-08-18, Today: 2026-09-28)
[2026-09-28T13:21:09.810463] SUCCESS: Opened 'กิจกรรมสานสัมพันธ์น้องพี่ สาขาวิชาคอมพิวเตอร์ ปีการศึกษา 2569' (Event Date: 2026-06-13, Today: 2026-09-28)
[2026-09-28T13:21:09.810466] SUCCESS: Opened 'กิจกรรมสานสัมพันธ์น้องพี่ สาขาวิชาคอมพิวเตอร์ ปีการศึกษา 2569' (Event Date: 2026-06-13, Today: 2026-09-28)
[2026-09-28T13:21:15.749533] SKIP: Could not parse date for 'ก.ค. 69 โครงการวิศวกรสังคมคณะวิทยาศาสตร์และเทคโนโลยี' - Value: 'มิ.ย.'
[2026-09-28T13:21:15.749546] SKIP: Could not parse date for 'ก.ค. 69 สอบทักษะดิจิทัล' - Value: 'มิ.ย.'
[2026-09-28T13:21:15.749549] SKIP: Could not parse date for 'ก.ค. 69 พัฒนาทักษะภาษาอังกฤษตามกรอบ CEFR อบรมและสอบวัดระดับความรู้' - Value: 'มิ.ย.'
